[INFO] Scanning for projects...
[INFO] 
[INFO] ----------------------< com.drims:drims-backend >-----------------------
[INFO] Building DRIMS Backend 1.0.0
[INFO]   from pom.xml
[INFO] --------------------------------[ jar ]---------------------------------
[INFO] 
[INFO] --- clean:3.3.2:clean (default-clean) @ drims-backend ---
[INFO] Deleting C:\Users\yelet\Desktop\DRIMS-master\backend\target
[INFO] 
[INFO] --- resources:3.3.1:resources (default-resources) @ drims-backend ---
[INFO] Copying 1 resource from src\main\resources to target\classes
[INFO] Copying 0 resource from src\main\resources to target\classes
[INFO] 
[INFO] --- compiler:3.11.0:compile (default-compile) @ drims-backend ---
[INFO] Changes detected - recompiling the module! :source
[INFO] Compiling 69 source files with javac [debug release 17] to target\classes
[INFO] Annotation processing is enabled because one or more processors were found
  on the class path. A future release of javac may disable annotation processing
  unless at least one processor is specified by name (-processor), or a search
  path is specified (--processor-path, --processor-module-path), or annotation
  processing is enabled explicitly (-proc:only, -proc:full).
  Use -Xlint:-options to suppress this message.
  Use -proc:none to disable annotation processing.
[INFO] /C:/Users/yelet/Desktop/DRIMS-master/backend/src/main/java/com/drims/service/JournalService.java: Some input files use or override a deprecated API.
[INFO] /C:/Users/yelet/Desktop/DRIMS-master/backend/src/main/java/com/drims/service/JournalService.java: Recompile with -Xlint:deprecation for details.
[INFO] ------------------------------------------------------------------------
[INFO] BUILD SUCCESS
[INFO] ------------------------------------------------------------------------
[INFO] Total time:  22.394 s
[INFO] Finished at: 2026-02-19T14:42:20+05:30
[INFO] ------------------------------------------------------------------------
